==========================================
Execute Beam Width Solutions on GPU
==========================================
Workload: Tiled Cholesky N=102400, T=4
Plans directory: results/ablation/exp2/beam_analysis
Output log: results/ablation/exp2/beam_execution_results.log

=== Beam Width: 1 ===
MIP predicted runtime: N/As
Executing solution...
Configuration loaded from config.json
enableVerboseOutput: false
[DEBUG] offloadAllManagedMemoryToStorage done
[DEBUG] initializeMemory done
Configuration: N=102400, T=4, B=25600
=== RUN-PLAN MODE ===
Loading plan from: results/ablation/exp2/beam_analysis/plan_beam1.json
=== Tiled Cholesky Naive Graph Demo ===
Matrix: 102400x102400, 16 tiles, 25600x25600 blocks (80000.00 MB)

--- PHASE 1: Setup and Allocate Memory ---
Total managed memory: 80000.00 MB
Initializing device data for 16 tiles with 102400x102400 matrix

--- PHASE 2: Build Naive CUDA Graph ---
Registering tasks for Cholesky decomposition...
✓ Registered POTRF task 0
✓ Registered TRSM task 1_0
✓ Registered TRSM task 2_0
✓ Registered TRSM task 3_0
✓ Registered SYRK task 1_0
✓ Registered SYRK task 2_0
✓ Registered SYRK task 3_0
✓ Registered GEMM task 2_1_0
✓ Registered GEMM task 3_1_0
✓ Registered GEMM task 3_2_0
✓ Registered POTRF task 1
✓ Registered TRSM task 2_1
✓ Registered TRSM task 3_1
✓ Registered SYRK task 2_1
✓ Registered SYRK task 3_1
✓ Registered GEMM task 3_2_1
✓ Registered POTRF task 2
✓ Registered TRSM task 3_2
✓ Registered SYRK task 3_2
✓ Registered POTRF task 3
✅ Task registration completed! Total tasks: 20
Generating naive CUDA graph from task sequence...
📊 Generated graph contains 5504 nodes

--- PHASE 3: Memory Optimization with Naive Graph ---
Initial peak memory: 80000.00 MB
Initializing device data for 16 tiles with 102400x102400 matrix
Loading existing optimization plan from: results/ablation/exp2/beam_analysis/plan_beam1.json
[optimizationSerializer.cpp/loadOptimizationOutput] Loading optimization plan from results/ablation/exp2/beam_analysis/plan_beam1.json
[optimizationSerializer.cpp/loadOptimizationOutput] Loaded OptimizationOutput from results/ablation/exp2/beam_analysis/plan_beam1.json
Optimization plan loaded from: results/ablation/exp2/beam_analysis/plan_beam1.json
  Nodes: 118
  Initial device arrays: 0
  Original memory: 50000.00 MiB
  Optimized memory: 15000.00 MiB
Loaded plan successfully.
Original memory usage (MiB): 50000.00
Anticipated peak memory usage (MiB): 15000.00
Original peak memory usage (MiB): 50000.00
Optimized peak memory usage (MiB): 15000.00
Memory reduction: 35000.00 MiB (70.0%)
Moving all data to storage for optimized execution...
✅ All data moved to CPU/storage

--- PHASE 4: Execute with Optimized Naive Graph ---
Initializing device data for 16 tiles with 102400x102400 matrix
GPU Memory - Total: 97280.00 MB, Free: 96359.88 MB
🔍 Starting continuous GPU memory monitoring during execution...
[optimization.cu/executeOptimizedGraph] 
[executor_v2.cu/executeOptimizedGraph] Initialize
[executor_v2.cu/initializeMemory] Initialize managed data distribution
[executor_v2.cu/buildOptimizedGraph] Record nodes to a new CUDA Graph
[executor_v2.cu/buildOptimizedGraph] Printing the new CUDA Graph to newGraph.dot
[executor_v2.cu/executeGraph] Execute the new CUDA Graph
[executor_v2.cu/executeGraph] Peak memory usage (MiB): 16008.12
[executor_v2.cu/executeOptimizedGraph] Clean up
[executor_v2.cu/executeOptimizedGraph] === CUDA Graph Construction Overhead Summary (executor_v2) ===
[executor_v2.cu/executeOptimizedGraph] Initialize memory phase: 0.036 ms
[executor_v2.cu/executeOptimizedGraph] Build optimized graph phase: 75.414 ms
[executor_v2.cu/executeOptimizedGraph] Execute graph phase (instantiate+upload+execute): 6855.006 ms
[executor_v2.cu/executeOptimizedGraph] Total construction overhead (CPU-side): 75.450 ms
[executor_v2.cu/executeOptimizedGraph] Graph execution time (GPU): 6795.353 ms
[executor_v2.cu/executeOptimizedGraph] Graph instantiate+upload time: 59.653 ms
[executor_v2.cu/executeOptimizedGraph] Total overhead (all CPU-side operations): 135.103 ms
[executor_v2.cu/executeOptimizedGraph] Construction Overhead/Execution ratio: 0.02x
✅ Optimized naive graph execution completed!
Execution time: 6795.353 ms
📊 Peak GPU memory usage during execution: 16008.12 MB

--- PHASE 5: Verify Results ---
Performing structural verification (checking diagonal positivity, matrix size: 80000MB)...
✅ STRUCTURAL VERIFICATION PASSED: All diagonal elements are positive
Matrix too large (80000.0MB) for full cuSOLVER comparison, using partial validation only

--- PHASE 6: Cleanup ---

Final result: SUCCESS
✅ Beam width 1 completed

=== Beam Width: 10 ===
MIP predicted runtime: N/As
Executing solution...
Configuration loaded from config.json
enableVerboseOutput: false
[DEBUG] offloadAllManagedMemoryToStorage done
[DEBUG] initializeMemory done
Configuration: N=102400, T=4, B=25600
=== RUN-PLAN MODE ===
Loading plan from: results/ablation/exp2/beam_analysis/plan_beam10.json
=== Tiled Cholesky Naive Graph Demo ===
Matrix: 102400x102400, 16 tiles, 25600x25600 blocks (80000.00 MB)

--- PHASE 1: Setup and Allocate Memory ---
Total managed memory: 80000.00 MB
Initializing device data for 16 tiles with 102400x102400 matrix

--- PHASE 2: Build Naive CUDA Graph ---
Registering tasks for Cholesky decomposition...
✓ Registered POTRF task 0
✓ Registered TRSM task 1_0
✓ Registered TRSM task 2_0
✓ Registered TRSM task 3_0
✓ Registered SYRK task 1_0
✓ Registered SYRK task 2_0
✓ Registered SYRK task 3_0
✓ Registered GEMM task 2_1_0
✓ Registered GEMM task 3_1_0
✓ Registered GEMM task 3_2_0
✓ Registered POTRF task 1
✓ Registered TRSM task 2_1
✓ Registered TRSM task 3_1
✓ Registered SYRK task 2_1
✓ Registered SYRK task 3_1
✓ Registered GEMM task 3_2_1
✓ Registered POTRF task 2
✓ Registered TRSM task 3_2
✓ Registered SYRK task 3_2
✓ Registered POTRF task 3
✅ Task registration completed! Total tasks: 20
Generating naive CUDA graph from task sequence...
📊 Generated graph contains 5504 nodes

--- PHASE 3: Memory Optimization with Naive Graph ---
Initial peak memory: 80000.00 MB
Initializing device data for 16 tiles with 102400x102400 matrix
Loading existing optimization plan from: results/ablation/exp2/beam_analysis/plan_beam10.json
[optimizationSerializer.cpp/loadOptimizationOutput] Loading optimization plan from results/ablation/exp2/beam_analysis/plan_beam10.json
[optimizationSerializer.cpp/loadOptimizationOutput] Loaded OptimizationOutput from results/ablation/exp2/beam_analysis/plan_beam10.json
Optimization plan loaded from: results/ablation/exp2/beam_analysis/plan_beam10.json
  Nodes: 118
  Initial device arrays: 0
  Original memory: 50000.00 MiB
  Optimized memory: 15000.00 MiB
Loaded plan successfully.
Original memory usage (MiB): 50000.00
Anticipated peak memory usage (MiB): 15000.00
Original peak memory usage (MiB): 50000.00
Optimized peak memory usage (MiB): 15000.00
Memory reduction: 35000.00 MiB (70.0%)
Moving all data to storage for optimized execution...
✅ All data moved to CPU/storage

--- PHASE 4: Execute with Optimized Naive Graph ---
Initializing device data for 16 tiles with 102400x102400 matrix
GPU Memory - Total: 97280.00 MB, Free: 96360.25 MB
🔍 Starting continuous GPU memory monitoring during execution...
[optimization.cu/executeOptimizedGraph] 
[executor_v2.cu/executeOptimizedGraph] Initialize
[executor_v2.cu/initializeMemory] Initialize managed data distribution
[executor_v2.cu/buildOptimizedGraph] Record nodes to a new CUDA Graph
[executor_v2.cu/buildOptimizedGraph] Printing the new CUDA Graph to newGraph.dot
[executor_v2.cu/executeGraph] Execute the new CUDA Graph
[executor_v2.cu/executeGraph] Peak memory usage (MiB): 16007.75
[executor_v2.cu/executeOptimizedGraph] Clean up
[executor_v2.cu/executeOptimizedGraph] === CUDA Graph Construction Overhead Summary (executor_v2) ===
[executor_v2.cu/executeOptimizedGraph] Initialize memory phase: 0.035 ms
[executor_v2.cu/executeOptimizedGraph] Build optimized graph phase: 72.930 ms
[executor_v2.cu/executeOptimizedGraph] Execute graph phase (instantiate+upload+execute): 6954.288 ms
[executor_v2.cu/executeOptimizedGraph] Total construction overhead (CPU-side): 72.965 ms
[executor_v2.cu/executeOptimizedGraph] Graph execution time (GPU): 6829.268 ms
[executor_v2.cu/executeOptimizedGraph] Graph instantiate+upload time: 125.019 ms
[executor_v2.cu/executeOptimizedGraph] Total overhead (all CPU-side operations): 197.984 ms
[executor_v2.cu/executeOptimizedGraph] Construction Overhead/Execution ratio: 0.03x
✅ Optimized naive graph execution completed!
Execution time: 6829.269 ms
📊 Peak GPU memory usage during execution: 16007.75 MB

--- PHASE 5: Verify Results ---
Performing structural verification (checking diagonal positivity, matrix size: 80000MB)...
✅ STRUCTURAL VERIFICATION PASSED: All diagonal elements are positive
Matrix too large (80000.0MB) for full cuSOLVER comparison, using partial validation only

--- PHASE 6: Cleanup ---

Final result: SUCCESS
✅ Beam width 10 completed

=== Beam Width: 20 ===
MIP predicted runtime: N/As
Executing solution...
Configuration loaded from config.json
enableVerboseOutput: false
[DEBUG] offloadAllManagedMemoryToStorage done
[DEBUG] initializeMemory done
Configuration: N=102400, T=4, B=25600
=== RUN-PLAN MODE ===
Loading plan from: results/ablation/exp2/beam_analysis/plan_beam20.json
=== Tiled Cholesky Naive Graph Demo ===
Matrix: 102400x102400, 16 tiles, 25600x25600 blocks (80000.00 MB)

--- PHASE 1: Setup and Allocate Memory ---
Total managed memory: 80000.00 MB
Initializing device data for 16 tiles with 102400x102400 matrix

--- PHASE 2: Build Naive CUDA Graph ---
Registering tasks for Cholesky decomposition...
✓ Registered POTRF task 0
✓ Registered TRSM task 1_0
✓ Registered TRSM task 2_0
✓ Registered TRSM task 3_0
✓ Registered SYRK task 1_0
✓ Registered SYRK task 2_0
✓ Registered SYRK task 3_0
✓ Registered GEMM task 2_1_0
✓ Registered GEMM task 3_1_0
✓ Registered GEMM task 3_2_0
✓ Registered POTRF task 1
✓ Registered TRSM task 2_1
✓ Registered TRSM task 3_1
✓ Registered SYRK task 2_1
✓ Registered SYRK task 3_1
✓ Registered GEMM task 3_2_1
✓ Registered POTRF task 2
✓ Registered TRSM task 3_2
✓ Registered SYRK task 3_2
✓ Registered POTRF task 3
✅ Task registration completed! Total tasks: 20
Generating naive CUDA graph from task sequence...
📊 Generated graph contains 5504 nodes

--- PHASE 3: Memory Optimization with Naive Graph ---
Initial peak memory: 80000.00 MB
Initializing device data for 16 tiles with 102400x102400 matrix
Loading existing optimization plan from: results/ablation/exp2/beam_analysis/plan_beam20.json
[optimizationSerializer.cpp/loadOptimizationOutput] Loading optimization plan from results/ablation/exp2/beam_analysis/plan_beam20.json
[optimizationSerializer.cpp/loadOptimizationOutput] Loaded OptimizationOutput from results/ablation/exp2/beam_analysis/plan_beam20.json
Optimization plan loaded from: results/ablation/exp2/beam_analysis/plan_beam20.json
  Nodes: 118
  Initial device arrays: 0
  Original memory: 50000.00 MiB
  Optimized memory: 15000.00 MiB
Loaded plan successfully.
Original memory usage (MiB): 50000.00
Anticipated peak memory usage (MiB): 15000.00
Original peak memory usage (MiB): 50000.00
Optimized peak memory usage (MiB): 15000.00
Memory reduction: 35000.00 MiB (70.0%)
Moving all data to storage for optimized execution...
✅ All data moved to CPU/storage

--- PHASE 4: Execute with Optimized Naive Graph ---
Initializing device data for 16 tiles with 102400x102400 matrix
GPU Memory - Total: 97280.00 MB, Free: 96359.94 MB
🔍 Starting continuous GPU memory monitoring during execution...
[optimization.cu/executeOptimizedGraph] 
[executor_v2.cu/executeOptimizedGraph] Initialize
[executor_v2.cu/initializeMemory] Initialize managed data distribution
[executor_v2.cu/buildOptimizedGraph] Record nodes to a new CUDA Graph
[executor_v2.cu/buildOptimizedGraph] Printing the new CUDA Graph to newGraph.dot
[executor_v2.cu/executeGraph] Execute the new CUDA Graph
[executor_v2.cu/executeGraph] Peak memory usage (MiB): 16008.06
[executor_v2.cu/executeOptimizedGraph] Clean up
[executor_v2.cu/executeOptimizedGraph] === CUDA Graph Construction Overhead Summary (executor_v2) ===
[executor_v2.cu/executeOptimizedGraph] Initialize memory phase: 0.033 ms
[executor_v2.cu/executeOptimizedGraph] Build optimized graph phase: 73.079 ms
[executor_v2.cu/executeOptimizedGraph] Execute graph phase (instantiate+upload+execute): 6953.429 ms
[executor_v2.cu/executeOptimizedGraph] Total construction overhead (CPU-side): 73.112 ms
[executor_v2.cu/executeOptimizedGraph] Graph execution time (GPU): 6834.618 ms
[executor_v2.cu/executeOptimizedGraph] Graph instantiate+upload time: 118.811 ms
[executor_v2.cu/executeOptimizedGraph] Total overhead (all CPU-side operations): 191.923 ms
[executor_v2.cu/executeOptimizedGraph] Construction Overhead/Execution ratio: 0.03x
✅ Optimized naive graph execution completed!
Execution time: 6834.618 ms
📊 Peak GPU memory usage during execution: 16008.06 MB

--- PHASE 5: Verify Results ---
Performing structural verification (checking diagonal positivity, matrix size: 80000MB)...
✅ STRUCTURAL VERIFICATION PASSED: All diagonal elements are positive
Matrix too large (80000.0MB) for full cuSOLVER comparison, using partial validation only

--- PHASE 6: Cleanup ---

Final result: SUCCESS
✅ Beam width 20 completed

=== Beam Width: 30 ===
MIP predicted runtime: N/As
Executing solution...
Configuration loaded from config.json
enableVerboseOutput: false
[DEBUG] offloadAllManagedMemoryToStorage done
[DEBUG] initializeMemory done
Configuration: N=102400, T=4, B=25600
=== RUN-PLAN MODE ===
Loading plan from: results/ablation/exp2/beam_analysis/plan_beam30.json
=== Tiled Cholesky Naive Graph Demo ===
Matrix: 102400x102400, 16 tiles, 25600x25600 blocks (80000.00 MB)

--- PHASE 1: Setup and Allocate Memory ---
Total managed memory: 80000.00 MB
Initializing device data for 16 tiles with 102400x102400 matrix

--- PHASE 2: Build Naive CUDA Graph ---
Registering tasks for Cholesky decomposition...
✓ Registered POTRF task 0
✓ Registered TRSM task 1_0
✓ Registered TRSM task 2_0
✓ Registered TRSM task 3_0
✓ Registered SYRK task 1_0
✓ Registered SYRK task 2_0
✓ Registered SYRK task 3_0
✓ Registered GEMM task 2_1_0
✓ Registered GEMM task 3_1_0
✓ Registered GEMM task 3_2_0
✓ Registered POTRF task 1
✓ Registered TRSM task 2_1
✓ Registered TRSM task 3_1
✓ Registered SYRK task 2_1
✓ Registered SYRK task 3_1
✓ Registered GEMM task 3_2_1
✓ Registered POTRF task 2
✓ Registered TRSM task 3_2
✓ Registered SYRK task 3_2
✓ Registered POTRF task 3
✅ Task registration completed! Total tasks: 20
Generating naive CUDA graph from task sequence...
📊 Generated graph contains 5504 nodes

--- PHASE 3: Memory Optimization with Naive Graph ---
Initial peak memory: 80000.00 MB
Initializing device data for 16 tiles with 102400x102400 matrix
Loading existing optimization plan from: results/ablation/exp2/beam_analysis/plan_beam30.json
[optimizationSerializer.cpp/loadOptimizationOutput] Loading optimization plan from results/ablation/exp2/beam_analysis/plan_beam30.json
[optimizationSerializer.cpp/loadOptimizationOutput] Loaded OptimizationOutput from results/ablation/exp2/beam_analysis/plan_beam30.json
Optimization plan loaded from: results/ablation/exp2/beam_analysis/plan_beam30.json
  Nodes: 114
  Initial device arrays: 0
  Original memory: 50000.00 MiB
  Optimized memory: 15000.00 MiB
Loaded plan successfully.
Original memory usage (MiB): 50000.00
Anticipated peak memory usage (MiB): 15000.00
Original peak memory usage (MiB): 50000.00
Optimized peak memory usage (MiB): 15000.00
Memory reduction: 35000.00 MiB (70.0%)
Moving all data to storage for optimized execution...
✅ All data moved to CPU/storage

--- PHASE 4: Execute with Optimized Naive Graph ---
Initializing device data for 16 tiles with 102400x102400 matrix
GPU Memory - Total: 97280.00 MB, Free: 96359.94 MB
🔍 Starting continuous GPU memory monitoring during execution...
[optimization.cu/executeOptimizedGraph] 
[executor_v2.cu/executeOptimizedGraph] Initialize
[executor_v2.cu/initializeMemory] Initialize managed data distribution
[executor_v2.cu/buildOptimizedGraph] Record nodes to a new CUDA Graph
[executor_v2.cu/buildOptimizedGraph] Printing the new CUDA Graph to newGraph.dot
[executor_v2.cu/executeGraph] Execute the new CUDA Graph
[executor_v2.cu/executeGraph] Peak memory usage (MiB): 16008.06
[executor_v2.cu/executeOptimizedGraph] Clean up
[executor_v2.cu/executeOptimizedGraph] === CUDA Graph Construction Overhead Summary (executor_v2) ===
[executor_v2.cu/executeOptimizedGraph] Initialize memory phase: 0.036 ms
[executor_v2.cu/executeOptimizedGraph] Build optimized graph phase: 65.027 ms
[executor_v2.cu/executeOptimizedGraph] Execute graph phase (instantiate+upload+execute): 6854.965 ms
[executor_v2.cu/executeOptimizedGraph] Total construction overhead (CPU-side): 65.062 ms
[executor_v2.cu/executeOptimizedGraph] Graph execution time (GPU): 6773.767 ms
[executor_v2.cu/executeOptimizedGraph] Graph instantiate+upload time: 81.198 ms
[executor_v2.cu/executeOptimizedGraph] Total overhead (all CPU-side operations): 146.261 ms
[executor_v2.cu/executeOptimizedGraph] Construction Overhead/Execution ratio: 0.02x
✅ Optimized naive graph execution completed!
Execution time: 6773.767 ms
📊 Peak GPU memory usage during execution: 16008.06 MB

--- PHASE 5: Verify Results ---
Performing structural verification (checking diagonal positivity, matrix size: 80000MB)...
✅ STRUCTURAL VERIFICATION PASSED: All diagonal elements are positive
Matrix too large (80000.0MB) for full cuSOLVER comparison, using partial validation only

--- PHASE 6: Cleanup ---

Final result: SUCCESS
✅ Beam width 30 completed

=== Beam Width: 40 ===
MIP predicted runtime: N/As
Executing solution...
Configuration loaded from config.json
enableVerboseOutput: false
[DEBUG] offloadAllManagedMemoryToStorage done
[DEBUG] initializeMemory done
Configuration: N=102400, T=4, B=25600
=== RUN-PLAN MODE ===
Loading plan from: results/ablation/exp2/beam_analysis/plan_beam40.json
=== Tiled Cholesky Naive Graph Demo ===
Matrix: 102400x102400, 16 tiles, 25600x25600 blocks (80000.00 MB)

--- PHASE 1: Setup and Allocate Memory ---
Total managed memory: 80000.00 MB
Initializing device data for 16 tiles with 102400x102400 matrix

--- PHASE 2: Build Naive CUDA Graph ---
Registering tasks for Cholesky decomposition...
✓ Registered POTRF task 0
✓ Registered TRSM task 1_0
✓ Registered TRSM task 2_0
✓ Registered TRSM task 3_0
✓ Registered SYRK task 1_0
✓ Registered SYRK task 2_0
✓ Registered SYRK task 3_0
✓ Registered GEMM task 2_1_0
✓ Registered GEMM task 3_1_0
✓ Registered GEMM task 3_2_0
✓ Registered POTRF task 1
✓ Registered TRSM task 2_1
✓ Registered TRSM task 3_1
✓ Registered SYRK task 2_1
✓ Registered SYRK task 3_1
✓ Registered GEMM task 3_2_1
✓ Registered POTRF task 2
✓ Registered TRSM task 3_2
✓ Registered SYRK task 3_2
✓ Registered POTRF task 3
✅ Task registration completed! Total tasks: 20
Generating naive CUDA graph from task sequence...
📊 Generated graph contains 5504 nodes

--- PHASE 3: Memory Optimization with Naive Graph ---
Initial peak memory: 80000.00 MB
Initializing device data for 16 tiles with 102400x102400 matrix
Loading existing optimization plan from: results/ablation/exp2/beam_analysis/plan_beam40.json
[optimizationSerializer.cpp/loadOptimizationOutput] Loading optimization plan from results/ablation/exp2/beam_analysis/plan_beam40.json
[optimizationSerializer.cpp/loadOptimizationOutput] Loaded OptimizationOutput from results/ablation/exp2/beam_analysis/plan_beam40.json
Optimization plan loaded from: results/ablation/exp2/beam_analysis/plan_beam40.json
  Nodes: 118
  Initial device arrays: 0
  Original memory: 50000.00 MiB
  Optimized memory: 15000.00 MiB
Loaded plan successfully.
Original memory usage (MiB): 50000.00
Anticipated peak memory usage (MiB): 15000.00
Original peak memory usage (MiB): 50000.00
Optimized peak memory usage (MiB): 15000.00
Memory reduction: 35000.00 MiB (70.0%)
Moving all data to storage for optimized execution...
✅ All data moved to CPU/storage

--- PHASE 4: Execute with Optimized Naive Graph ---
Initializing device data for 16 tiles with 102400x102400 matrix
GPU Memory - Total: 97280.00 MB, Free: 96360.25 MB
🔍 Starting continuous GPU memory monitoring during execution...
[optimization.cu/executeOptimizedGraph] 
[executor_v2.cu/executeOptimizedGraph] Initialize
[executor_v2.cu/initializeMemory] Initialize managed data distribution
[executor_v2.cu/buildOptimizedGraph] Record nodes to a new CUDA Graph
[executor_v2.cu/buildOptimizedGraph] Printing the new CUDA Graph to newGraph.dot
[executor_v2.cu/executeGraph] Execute the new CUDA Graph
[executor_v2.cu/executeGraph] Peak memory usage (MiB): 16007.75
[executor_v2.cu/executeOptimizedGraph] Clean up
[executor_v2.cu/executeOptimizedGraph] === CUDA Graph Construction Overhead Summary (executor_v2) ===
[executor_v2.cu/executeOptimizedGraph] Initialize memory phase: 0.034 ms
[executor_v2.cu/executeOptimizedGraph] Build optimized graph phase: 73.161 ms
[executor_v2.cu/executeOptimizedGraph] Execute graph phase (instantiate+upload+execute): 6954.291 ms
[executor_v2.cu/executeOptimizedGraph] Total construction overhead (CPU-side): 73.194 ms
[executor_v2.cu/executeOptimizedGraph] Graph execution time (GPU): 6821.662 ms
[executor_v2.cu/executeOptimizedGraph] Graph instantiate+upload time: 132.628 ms
[executor_v2.cu/executeOptimizedGraph] Total overhead (all CPU-side operations): 205.823 ms
[executor_v2.cu/executeOptimizedGraph] Construction Overhead/Execution ratio: 0.03x
✅ Optimized naive graph execution completed!
Execution time: 6821.663 ms
📊 Peak GPU memory usage during execution: 16007.75 MB

--- PHASE 5: Verify Results ---
Performing structural verification (checking diagonal positivity, matrix size: 80000MB)...
✅ STRUCTURAL VERIFICATION PASSED: All diagonal elements are positive
Matrix too large (80000.0MB) for full cuSOLVER comparison, using partial validation only

--- PHASE 6: Cleanup ---

Final result: SUCCESS
✅ Beam width 40 completed

=== Beam Width: 50 ===
MIP predicted runtime: N/As
Executing solution...
Configuration loaded from config.json
enableVerboseOutput: false
[DEBUG] offloadAllManagedMemoryToStorage done
[DEBUG] initializeMemory done
Configuration: N=102400, T=4, B=25600
=== RUN-PLAN MODE ===
Loading plan from: results/ablation/exp2/beam_analysis/plan_beam50.json
=== Tiled Cholesky Naive Graph Demo ===
Matrix: 102400x102400, 16 tiles, 25600x25600 blocks (80000.00 MB)

--- PHASE 1: Setup and Allocate Memory ---
Total managed memory: 80000.00 MB
Initializing device data for 16 tiles with 102400x102400 matrix

--- PHASE 2: Build Naive CUDA Graph ---
Registering tasks for Cholesky decomposition...
✓ Registered POTRF task 0
✓ Registered TRSM task 1_0
✓ Registered TRSM task 2_0
✓ Registered TRSM task 3_0
✓ Registered SYRK task 1_0
✓ Registered SYRK task 2_0
✓ Registered SYRK task 3_0
✓ Registered GEMM task 2_1_0
✓ Registered GEMM task 3_1_0
✓ Registered GEMM task 3_2_0
✓ Registered POTRF task 1
✓ Registered TRSM task 2_1
✓ Registered TRSM task 3_1
✓ Registered SYRK task 2_1
✓ Registered SYRK task 3_1
✓ Registered GEMM task 3_2_1
✓ Registered POTRF task 2
✓ Registered TRSM task 3_2
✓ Registered SYRK task 3_2
✓ Registered POTRF task 3
✅ Task registration completed! Total tasks: 20
Generating naive CUDA graph from task sequence...
📊 Generated graph contains 5504 nodes

--- PHASE 3: Memory Optimization with Naive Graph ---
Initial peak memory: 80000.00 MB
Initializing device data for 16 tiles with 102400x102400 matrix
Loading existing optimization plan from: results/ablation/exp2/beam_analysis/plan_beam50.json
[optimizationSerializer.cpp/loadOptimizationOutput] Loading optimization plan from results/ablation/exp2/beam_analysis/plan_beam50.json
[optimizationSerializer.cpp/loadOptimizationOutput] Loaded OptimizationOutput from results/ablation/exp2/beam_analysis/plan_beam50.json
Optimization plan loaded from: results/ablation/exp2/beam_analysis/plan_beam50.json
  Nodes: 114
  Initial device arrays: 0
  Original memory: 50000.00 MiB
  Optimized memory: 15000.00 MiB
Loaded plan successfully.
Original memory usage (MiB): 50000.00
Anticipated peak memory usage (MiB): 15000.00
Original peak memory usage (MiB): 50000.00
Optimized peak memory usage (MiB): 15000.00
Memory reduction: 35000.00 MiB (70.0%)
Moving all data to storage for optimized execution...
✅ All data moved to CPU/storage

--- PHASE 4: Execute with Optimized Naive Graph ---
Initializing device data for 16 tiles with 102400x102400 matrix
GPU Memory - Total: 97280.00 MB, Free: 96359.94 MB
🔍 Starting continuous GPU memory monitoring during execution...
[optimization.cu/executeOptimizedGraph] 
[executor_v2.cu/executeOptimizedGraph] Initialize
[executor_v2.cu/initializeMemory] Initialize managed data distribution
[executor_v2.cu/buildOptimizedGraph] Record nodes to a new CUDA Graph
[executor_v2.cu/buildOptimizedGraph] Printing the new CUDA Graph to newGraph.dot
[executor_v2.cu/executeGraph] Execute the new CUDA Graph
[executor_v2.cu/executeGraph] Peak memory usage (MiB): 16008.06
[executor_v2.cu/executeOptimizedGraph] Clean up
[executor_v2.cu/executeOptimizedGraph] === CUDA Graph Construction Overhead Summary (executor_v2) ===
[executor_v2.cu/executeOptimizedGraph] Initialize memory phase: 0.035 ms
[executor_v2.cu/executeOptimizedGraph] Build optimized graph phase: 65.789 ms
[executor_v2.cu/executeOptimizedGraph] Execute graph phase (instantiate+upload+execute): 6853.531 ms
[executor_v2.cu/executeOptimizedGraph] Total construction overhead (CPU-side): 65.825 ms
[executor_v2.cu/executeOptimizedGraph] Graph execution time (GPU): 6781.027 ms
[executor_v2.cu/executeOptimizedGraph] Graph instantiate+upload time: 72.504 ms
[executor_v2.cu/executeOptimizedGraph] Total overhead (all CPU-side operations): 138.329 ms
[executor_v2.cu/executeOptimizedGraph] Construction Overhead/Execution ratio: 0.02x
✅ Optimized naive graph execution completed!
Execution time: 6781.027 ms
📊 Peak GPU memory usage during execution: 16008.06 MB

--- PHASE 5: Verify Results ---
Performing structural verification (checking diagonal positivity, matrix size: 80000MB)...
✅ STRUCTURAL VERIFICATION PASSED: All diagonal elements are positive
Matrix too large (80000.0MB) for full cuSOLVER comparison, using partial validation only

--- PHASE 6: Cleanup ---

Final result: SUCCESS
✅ Beam width 50 completed

=== Beam Width: 60 ===
MIP predicted runtime: N/As
Executing solution...
Configuration loaded from config.json
enableVerboseOutput: false
[DEBUG] offloadAllManagedMemoryToStorage done
[DEBUG] initializeMemory done
Configuration: N=102400, T=4, B=25600
=== RUN-PLAN MODE ===
Loading plan from: results/ablation/exp2/beam_analysis/plan_beam60.json
=== Tiled Cholesky Naive Graph Demo ===
Matrix: 102400x102400, 16 tiles, 25600x25600 blocks (80000.00 MB)

--- PHASE 1: Setup and Allocate Memory ---
Total managed memory: 80000.00 MB
Initializing device data for 16 tiles with 102400x102400 matrix

--- PHASE 2: Build Naive CUDA Graph ---
Registering tasks for Cholesky decomposition...
✓ Registered POTRF task 0
✓ Registered TRSM task 1_0
✓ Registered TRSM task 2_0
✓ Registered TRSM task 3_0
✓ Registered SYRK task 1_0
✓ Registered SYRK task 2_0
✓ Registered SYRK task 3_0
✓ Registered GEMM task 2_1_0
✓ Registered GEMM task 3_1_0
✓ Registered GEMM task 3_2_0
✓ Registered POTRF task 1
✓ Registered TRSM task 2_1
✓ Registered TRSM task 3_1
✓ Registered SYRK task 2_1
✓ Registered SYRK task 3_1
✓ Registered GEMM task 3_2_1
✓ Registered POTRF task 2
✓ Registered TRSM task 3_2
✓ Registered SYRK task 3_2
✓ Registered POTRF task 3
✅ Task registration completed! Total tasks: 20
Generating naive CUDA graph from task sequence...
📊 Generated graph contains 5504 nodes

--- PHASE 3: Memory Optimization with Naive Graph ---
Initial peak memory: 80000.00 MB
Initializing device data for 16 tiles with 102400x102400 matrix
Loading existing optimization plan from: results/ablation/exp2/beam_analysis/plan_beam60.json
[optimizationSerializer.cpp/loadOptimizationOutput] Loading optimization plan from results/ablation/exp2/beam_analysis/plan_beam60.json
[optimizationSerializer.cpp/loadOptimizationOutput] Loaded OptimizationOutput from results/ablation/exp2/beam_analysis/plan_beam60.json
Optimization plan loaded from: results/ablation/exp2/beam_analysis/plan_beam60.json
  Nodes: 120
  Initial device arrays: 0
  Original memory: 50000.00 MiB
  Optimized memory: 15000.00 MiB
Loaded plan successfully.
Original memory usage (MiB): 50000.00
Anticipated peak memory usage (MiB): 15000.00
Original peak memory usage (MiB): 50000.00
Optimized peak memory usage (MiB): 15000.00
Memory reduction: 35000.00 MiB (70.0%)
Moving all data to storage for optimized execution...
✅ All data moved to CPU/storage

--- PHASE 4: Execute with Optimized Naive Graph ---
Initializing device data for 16 tiles with 102400x102400 matrix
GPU Memory - Total: 97280.00 MB, Free: 96359.94 MB
🔍 Starting continuous GPU memory monitoring during execution...
[optimization.cu/executeOptimizedGraph] 
[executor_v2.cu/executeOptimizedGraph] Initialize
[executor_v2.cu/initializeMemory] Initialize managed data distribution
[executor_v2.cu/buildOptimizedGraph] Record nodes to a new CUDA Graph
[executor_v2.cu/buildOptimizedGraph] Printing the new CUDA Graph to newGraph.dot
[executor_v2.cu/executeGraph] Execute the new CUDA Graph
[executor_v2.cu/executeGraph] Peak memory usage (MiB): 16008.06
[executor_v2.cu/executeOptimizedGraph] Clean up
[executor_v2.cu/executeOptimizedGraph] === CUDA Graph Construction Overhead Summary (executor_v2) ===
[executor_v2.cu/executeOptimizedGraph] Initialize memory phase: 0.033 ms
[executor_v2.cu/executeOptimizedGraph] Build optimized graph phase: 74.733 ms
[executor_v2.cu/executeOptimizedGraph] Execute graph phase (instantiate+upload+execute): 6955.740 ms
[executor_v2.cu/executeOptimizedGraph] Total construction overhead (CPU-side): 74.766 ms
[executor_v2.cu/executeOptimizedGraph] Graph execution time (GPU): 6871.609 ms
[executor_v2.cu/executeOptimizedGraph] Graph instantiate+upload time: 84.131 ms
[executor_v2.cu/executeOptimizedGraph] Total overhead (all CPU-side operations): 158.897 ms
[executor_v2.cu/executeOptimizedGraph] Construction Overhead/Execution ratio: 0.02x
✅ Optimized naive graph execution completed!
Execution time: 6871.609 ms
📊 Peak GPU memory usage during execution: 16008.06 MB

--- PHASE 5: Verify Results ---
Performing structural verification (checking diagonal positivity, matrix size: 80000MB)...
✅ STRUCTURAL VERIFICATION PASSED: All diagonal elements are positive
Matrix too large (80000.0MB) for full cuSOLVER comparison, using partial validation only

--- PHASE 6: Cleanup ---

Final result: SUCCESS
✅ Beam width 60 completed

=== Beam Width: 70 ===
MIP predicted runtime: N/As
Executing solution...
Configuration loaded from config.json
enableVerboseOutput: false
[DEBUG] offloadAllManagedMemoryToStorage done
[DEBUG] initializeMemory done
Configuration: N=102400, T=4, B=25600
=== RUN-PLAN MODE ===
Loading plan from: results/ablation/exp2/beam_analysis/plan_beam70.json
=== Tiled Cholesky Naive Graph Demo ===
Matrix: 102400x102400, 16 tiles, 25600x25600 blocks (80000.00 MB)

--- PHASE 1: Setup and Allocate Memory ---
Total managed memory: 80000.00 MB
Initializing device data for 16 tiles with 102400x102400 matrix

--- PHASE 2: Build Naive CUDA Graph ---
Registering tasks for Cholesky decomposition...
✓ Registered POTRF task 0
✓ Registered TRSM task 1_0
✓ Registered TRSM task 2_0
✓ Registered TRSM task 3_0
✓ Registered SYRK task 1_0
✓ Registered SYRK task 2_0
✓ Registered SYRK task 3_0
✓ Registered GEMM task 2_1_0
✓ Registered GEMM task 3_1_0
✓ Registered GEMM task 3_2_0
✓ Registered POTRF task 1
✓ Registered TRSM task 2_1
✓ Registered TRSM task 3_1
✓ Registered SYRK task 2_1
✓ Registered SYRK task 3_1
✓ Registered GEMM task 3_2_1
✓ Registered POTRF task 2
✓ Registered TRSM task 3_2
✓ Registered SYRK task 3_2
✓ Registered POTRF task 3
✅ Task registration completed! Total tasks: 20
Generating naive CUDA graph from task sequence...
📊 Generated graph contains 5504 nodes

--- PHASE 3: Memory Optimization with Naive Graph ---
Initial peak memory: 80000.00 MB
Initializing device data for 16 tiles with 102400x102400 matrix
Loading existing optimization plan from: results/ablation/exp2/beam_analysis/plan_beam70.json
[optimizationSerializer.cpp/loadOptimizationOutput] Loading optimization plan from results/ablation/exp2/beam_analysis/plan_beam70.json
[optimizationSerializer.cpp/loadOptimizationOutput] Loaded OptimizationOutput from results/ablation/exp2/beam_analysis/plan_beam70.json
Optimization plan loaded from: results/ablation/exp2/beam_analysis/plan_beam70.json
  Nodes: 117
  Initial device arrays: 0
  Original memory: 50000.00 MiB
  Optimized memory: 15000.00 MiB
Loaded plan successfully.
Original memory usage (MiB): 50000.00
Anticipated peak memory usage (MiB): 15000.00
Original peak memory usage (MiB): 50000.00
Optimized peak memory usage (MiB): 15000.00
Memory reduction: 35000.00 MiB (70.0%)
Moving all data to storage for optimized execution...
✅ All data moved to CPU/storage

--- PHASE 4: Execute with Optimized Naive Graph ---
Initializing device data for 16 tiles with 102400x102400 matrix
GPU Memory - Total: 97280.00 MB, Free: 96359.75 MB
🔍 Starting continuous GPU memory monitoring during execution...
[optimization.cu/executeOptimizedGraph] 
[executor_v2.cu/executeOptimizedGraph] Initialize
[executor_v2.cu/initializeMemory] Initialize managed data distribution
[executor_v2.cu/buildOptimizedGraph] Record nodes to a new CUDA Graph
[executor_v2.cu/buildOptimizedGraph] Printing the new CUDA Graph to newGraph.dot
[executor_v2.cu/executeGraph] Execute the new CUDA Graph
[executor_v2.cu/executeGraph] Peak memory usage (MiB): 16008.25
[executor_v2.cu/executeOptimizedGraph] Clean up
[executor_v2.cu/executeOptimizedGraph] === CUDA Graph Construction Overhead Summary (executor_v2) ===
[executor_v2.cu/executeOptimizedGraph] Initialize memory phase: 0.034 ms
[executor_v2.cu/executeOptimizedGraph] Build optimized graph phase: 69.703 ms
[executor_v2.cu/executeOptimizedGraph] Execute graph phase (instantiate+upload+execute): 6954.460 ms
[executor_v2.cu/executeOptimizedGraph] Total construction overhead (CPU-side): 69.737 ms
[executor_v2.cu/executeOptimizedGraph] Graph execution time (GPU): 6816.309 ms
[executor_v2.cu/executeOptimizedGraph] Graph instantiate+upload time: 138.151 ms
[executor_v2.cu/executeOptimizedGraph] Total overhead (all CPU-side operations): 207.888 ms
[executor_v2.cu/executeOptimizedGraph] Construction Overhead/Execution ratio: 0.03x
✅ Optimized naive graph execution completed!
Execution time: 6816.309 ms
📊 Peak GPU memory usage during execution: 16008.25 MB

--- PHASE 5: Verify Results ---
Performing structural verification (checking diagonal positivity, matrix size: 80000MB)...
✅ STRUCTURAL VERIFICATION PASSED: All diagonal elements are positive
Matrix too large (80000.0MB) for full cuSOLVER comparison, using partial validation only

--- PHASE 6: Cleanup ---

Final result: SUCCESS
✅ Beam width 70 completed

=== Beam Width: 80 ===
MIP predicted runtime: N/As
Executing solution...
Configuration loaded from config.json
enableVerboseOutput: false
[DEBUG] offloadAllManagedMemoryToStorage done
[DEBUG] initializeMemory done
Configuration: N=102400, T=4, B=25600
=== RUN-PLAN MODE ===
Loading plan from: results/ablation/exp2/beam_analysis/plan_beam80.json
=== Tiled Cholesky Naive Graph Demo ===
Matrix: 102400x102400, 16 tiles, 25600x25600 blocks (80000.00 MB)

--- PHASE 1: Setup and Allocate Memory ---
Total managed memory: 80000.00 MB
Initializing device data for 16 tiles with 102400x102400 matrix

--- PHASE 2: Build Naive CUDA Graph ---
Registering tasks for Cholesky decomposition...
✓ Registered POTRF task 0
✓ Registered TRSM task 1_0
✓ Registered TRSM task 2_0
✓ Registered TRSM task 3_0
✓ Registered SYRK task 1_0
✓ Registered SYRK task 2_0
✓ Registered SYRK task 3_0
✓ Registered GEMM task 2_1_0
✓ Registered GEMM task 3_1_0
✓ Registered GEMM task 3_2_0
✓ Registered POTRF task 1
✓ Registered TRSM task 2_1
✓ Registered TRSM task 3_1
✓ Registered SYRK task 2_1
✓ Registered SYRK task 3_1
✓ Registered GEMM task 3_2_1
✓ Registered POTRF task 2
✓ Registered TRSM task 3_2
✓ Registered SYRK task 3_2
✓ Registered POTRF task 3
✅ Task registration completed! Total tasks: 20
Generating naive CUDA graph from task sequence...
📊 Generated graph contains 5504 nodes

--- PHASE 3: Memory Optimization with Naive Graph ---
Initial peak memory: 80000.00 MB
Initializing device data for 16 tiles with 102400x102400 matrix
Loading existing optimization plan from: results/ablation/exp2/beam_analysis/plan_beam80.json
[optimizationSerializer.cpp/loadOptimizationOutput] Loading optimization plan from results/ablation/exp2/beam_analysis/plan_beam80.json
[optimizationSerializer.cpp/loadOptimizationOutput] Loaded OptimizationOutput from results/ablation/exp2/beam_analysis/plan_beam80.json
Optimization plan loaded from: results/ablation/exp2/beam_analysis/plan_beam80.json
  Nodes: 114
  Initial device arrays: 0
  Original memory: 50000.00 MiB
  Optimized memory: 15000.00 MiB
Loaded plan successfully.
Original memory usage (MiB): 50000.00
Anticipated peak memory usage (MiB): 15000.00
Original peak memory usage (MiB): 50000.00
Optimized peak memory usage (MiB): 15000.00
Memory reduction: 35000.00 MiB (70.0%)
Moving all data to storage for optimized execution...
✅ All data moved to CPU/storage

--- PHASE 4: Execute with Optimized Naive Graph ---
Initializing device data for 16 tiles with 102400x102400 matrix
GPU Memory - Total: 97280.00 MB, Free: 96359.94 MB
🔍 Starting continuous GPU memory monitoring during execution...
[optimization.cu/executeOptimizedGraph] 
[executor_v2.cu/executeOptimizedGraph] Initialize
[executor_v2.cu/initializeMemory] Initialize managed data distribution
[executor_v2.cu/buildOptimizedGraph] Record nodes to a new CUDA Graph
[executor_v2.cu/buildOptimizedGraph] Printing the new CUDA Graph to newGraph.dot
[executor_v2.cu/executeGraph] Execute the new CUDA Graph
[executor_v2.cu/executeGraph] Peak memory usage (MiB): 16008.06
[executor_v2.cu/executeOptimizedGraph] Clean up
[executor_v2.cu/executeOptimizedGraph] === CUDA Graph Construction Overhead Summary (executor_v2) ===
[executor_v2.cu/executeOptimizedGraph] Initialize memory phase: 0.035 ms
[executor_v2.cu/executeOptimizedGraph] Build optimized graph phase: 65.070 ms
[executor_v2.cu/executeOptimizedGraph] Execute graph phase (instantiate+upload+execute): 6853.769 ms
[executor_v2.cu/executeOptimizedGraph] Total construction overhead (CPU-side): 65.105 ms
[executor_v2.cu/executeOptimizedGraph] Graph execution time (GPU): 6762.383 ms
[executor_v2.cu/executeOptimizedGraph] Graph instantiate+upload time: 91.386 ms
[executor_v2.cu/executeOptimizedGraph] Total overhead (all CPU-side operations): 156.491 ms
[executor_v2.cu/executeOptimizedGraph] Construction Overhead/Execution ratio: 0.02x
✅ Optimized naive graph execution completed!
Execution time: 6762.383 ms
📊 Peak GPU memory usage during execution: 16008.06 MB

--- PHASE 5: Verify Results ---
Performing structural verification (checking diagonal positivity, matrix size: 80000MB)...
✅ STRUCTURAL VERIFICATION PASSED: All diagonal elements are positive
Matrix too large (80000.0MB) for full cuSOLVER comparison, using partial validation only

--- PHASE 6: Cleanup ---

Final result: SUCCESS
✅ Beam width 80 completed

=== Beam Width: 90 ===
MIP predicted runtime: N/As
Executing solution...
Configuration loaded from config.json
enableVerboseOutput: false
[DEBUG] offloadAllManagedMemoryToStorage done
[DEBUG] initializeMemory done
Configuration: N=102400, T=4, B=25600
=== RUN-PLAN MODE ===
Loading plan from: results/ablation/exp2/beam_analysis/plan_beam90.json
=== Tiled Cholesky Naive Graph Demo ===
Matrix: 102400x102400, 16 tiles, 25600x25600 blocks (80000.00 MB)

--- PHASE 1: Setup and Allocate Memory ---
Total managed memory: 80000.00 MB
Initializing device data for 16 tiles with 102400x102400 matrix

--- PHASE 2: Build Naive CUDA Graph ---
Registering tasks for Cholesky decomposition...
✓ Registered POTRF task 0
✓ Registered TRSM task 1_0
✓ Registered TRSM task 2_0
✓ Registered TRSM task 3_0
✓ Registered SYRK task 1_0
✓ Registered SYRK task 2_0
✓ Registered SYRK task 3_0
✓ Registered GEMM task 2_1_0
✓ Registered GEMM task 3_1_0
✓ Registered GEMM task 3_2_0
✓ Registered POTRF task 1
✓ Registered TRSM task 2_1
✓ Registered TRSM task 3_1
✓ Registered SYRK task 2_1
✓ Registered SYRK task 3_1
✓ Registered GEMM task 3_2_1
✓ Registered POTRF task 2
✓ Registered TRSM task 3_2
✓ Registered SYRK task 3_2
✓ Registered POTRF task 3
✅ Task registration completed! Total tasks: 20
Generating naive CUDA graph from task sequence...
📊 Generated graph contains 5504 nodes

--- PHASE 3: Memory Optimization with Naive Graph ---
Initial peak memory: 80000.00 MB
Initializing device data for 16 tiles with 102400x102400 matrix
Loading existing optimization plan from: results/ablation/exp2/beam_analysis/plan_beam90.json
[optimizationSerializer.cpp/loadOptimizationOutput] Loading optimization plan from results/ablation/exp2/beam_analysis/plan_beam90.json
[optimizationSerializer.cpp/loadOptimizationOutput] Loaded OptimizationOutput from results/ablation/exp2/beam_analysis/plan_beam90.json
Optimization plan loaded from: results/ablation/exp2/beam_analysis/plan_beam90.json
  Nodes: 117
  Initial device arrays: 0
  Original memory: 50000.00 MiB
  Optimized memory: 15000.00 MiB
Loaded plan successfully.
Original memory usage (MiB): 50000.00
Anticipated peak memory usage (MiB): 15000.00
Original peak memory usage (MiB): 50000.00
Optimized peak memory usage (MiB): 15000.00
Memory reduction: 35000.00 MiB (70.0%)
Moving all data to storage for optimized execution...
✅ All data moved to CPU/storage

--- PHASE 4: Execute with Optimized Naive Graph ---
Initializing device data for 16 tiles with 102400x102400 matrix
GPU Memory - Total: 97280.00 MB, Free: 96359.94 MB
🔍 Starting continuous GPU memory monitoring during execution...
[optimization.cu/executeOptimizedGraph] 
[executor_v2.cu/executeOptimizedGraph] Initialize
[executor_v2.cu/initializeMemory] Initialize managed data distribution
[executor_v2.cu/buildOptimizedGraph] Record nodes to a new CUDA Graph
[executor_v2.cu/buildOptimizedGraph] Printing the new CUDA Graph to newGraph.dot
[executor_v2.cu/executeGraph] Execute the new CUDA Graph
[executor_v2.cu/executeGraph] Peak memory usage (MiB): 16008.06
[executor_v2.cu/executeOptimizedGraph] Clean up
[executor_v2.cu/executeOptimizedGraph] === CUDA Graph Construction Overhead Summary (executor_v2) ===
[executor_v2.cu/executeOptimizedGraph] Initialize memory phase: 0.033 ms
[executor_v2.cu/executeOptimizedGraph] Build optimized graph phase: 69.106 ms
[executor_v2.cu/executeOptimizedGraph] Execute graph phase (instantiate+upload+execute): 6954.283 ms
[executor_v2.cu/executeOptimizedGraph] Total construction overhead (CPU-side): 69.140 ms
[executor_v2.cu/executeOptimizedGraph] Graph execution time (GPU): 6831.769 ms
[executor_v2.cu/executeOptimizedGraph] Graph instantiate+upload time: 122.513 ms
[executor_v2.cu/executeOptimizedGraph] Total overhead (all CPU-side operations): 191.653 ms
[executor_v2.cu/executeOptimizedGraph] Construction Overhead/Execution ratio: 0.03x
✅ Optimized naive graph execution completed!
Execution time: 6831.770 ms
📊 Peak GPU memory usage during execution: 16008.06 MB

--- PHASE 5: Verify Results ---
Performing structural verification (checking diagonal positivity, matrix size: 80000MB)...
✅ STRUCTURAL VERIFICATION PASSED: All diagonal elements are positive
Matrix too large (80000.0MB) for full cuSOLVER comparison, using partial validation only

--- PHASE 6: Cleanup ---

Final result: SUCCESS
✅ Beam width 90 completed

=== Beam Width: 100 ===
MIP predicted runtime: N/As
Executing solution...
Configuration loaded from config.json
enableVerboseOutput: false
[DEBUG] offloadAllManagedMemoryToStorage done
[DEBUG] initializeMemory done
Configuration: N=102400, T=4, B=25600
=== RUN-PLAN MODE ===
Loading plan from: results/ablation/exp2/beam_analysis/plan_beam100.json
=== Tiled Cholesky Naive Graph Demo ===
Matrix: 102400x102400, 16 tiles, 25600x25600 blocks (80000.00 MB)

--- PHASE 1: Setup and Allocate Memory ---
Total managed memory: 80000.00 MB
Initializing device data for 16 tiles with 102400x102400 matrix

--- PHASE 2: Build Naive CUDA Graph ---
Registering tasks for Cholesky decomposition...
✓ Registered POTRF task 0
✓ Registered TRSM task 1_0
✓ Registered TRSM task 2_0
✓ Registered TRSM task 3_0
✓ Registered SYRK task 1_0
✓ Registered SYRK task 2_0
✓ Registered SYRK task 3_0
✓ Registered GEMM task 2_1_0
✓ Registered GEMM task 3_1_0
✓ Registered GEMM task 3_2_0
✓ Registered POTRF task 1
✓ Registered TRSM task 2_1
✓ Registered TRSM task 3_1
✓ Registered SYRK task 2_1
✓ Registered SYRK task 3_1
✓ Registered GEMM task 3_2_1
✓ Registered POTRF task 2
✓ Registered TRSM task 3_2
✓ Registered SYRK task 3_2
✓ Registered POTRF task 3
✅ Task registration completed! Total tasks: 20
Generating naive CUDA graph from task sequence...
📊 Generated graph contains 5504 nodes

--- PHASE 3: Memory Optimization with Naive Graph ---
Initial peak memory: 80000.00 MB
Initializing device data for 16 tiles with 102400x102400 matrix
Loading existing optimization plan from: results/ablation/exp2/beam_analysis/plan_beam100.json
[optimizationSerializer.cpp/loadOptimizationOutput] Loading optimization plan from results/ablation/exp2/beam_analysis/plan_beam100.json
[optimizationSerializer.cpp/loadOptimizationOutput] Loaded OptimizationOutput from results/ablation/exp2/beam_analysis/plan_beam100.json
Optimization plan loaded from: results/ablation/exp2/beam_analysis/plan_beam100.json
  Nodes: 117
  Initial device arrays: 0
  Original memory: 50000.00 MiB
  Optimized memory: 15000.00 MiB
Loaded plan successfully.
Original memory usage (MiB): 50000.00
Anticipated peak memory usage (MiB): 15000.00
Original peak memory usage (MiB): 50000.00
Optimized peak memory usage (MiB): 15000.00
Memory reduction: 35000.00 MiB (70.0%)
Moving all data to storage for optimized execution...
✅ All data moved to CPU/storage

--- PHASE 4: Execute with Optimized Naive Graph ---
Initializing device data for 16 tiles with 102400x102400 matrix
GPU Memory - Total: 97280.00 MB, Free: 96359.88 MB
🔍 Starting continuous GPU memory monitoring during execution...
[optimization.cu/executeOptimizedGraph] 
[executor_v2.cu/executeOptimizedGraph] Initialize
[executor_v2.cu/initializeMemory] Initialize managed data distribution
[executor_v2.cu/buildOptimizedGraph] Record nodes to a new CUDA Graph
[executor_v2.cu/buildOptimizedGraph] Printing the new CUDA Graph to newGraph.dot
[executor_v2.cu/executeGraph] Execute the new CUDA Graph
[executor_v2.cu/executeGraph] Peak memory usage (MiB): 16008.12
[executor_v2.cu/executeOptimizedGraph] Clean up
[executor_v2.cu/executeOptimizedGraph] === CUDA Graph Construction Overhead Summary (executor_v2) ===
[executor_v2.cu/executeOptimizedGraph] Initialize memory phase: 0.035 ms
[executor_v2.cu/executeOptimizedGraph] Build optimized graph phase: 68.780 ms
[executor_v2.cu/executeOptimizedGraph] Execute graph phase (instantiate+upload+execute): 6954.263 ms
[executor_v2.cu/executeOptimizedGraph] Total construction overhead (CPU-side): 68.815 ms
[executor_v2.cu/executeOptimizedGraph] Graph execution time (GPU): 6809.123 ms
[executor_v2.cu/executeOptimizedGraph] Graph instantiate+upload time: 145.140 ms
[executor_v2.cu/executeOptimizedGraph] Total overhead (all CPU-side operations): 213.955 ms
[executor_v2.cu/executeOptimizedGraph] Construction Overhead/Execution ratio: 0.03x
✅ Optimized naive graph execution completed!
Execution time: 6809.123 ms
📊 Peak GPU memory usage during execution: 16008.12 MB

--- PHASE 5: Verify Results ---
Performing structural verification (checking diagonal positivity, matrix size: 80000MB)...
✅ STRUCTURAL VERIFICATION PASSED: All diagonal elements are positive
Matrix too large (80000.0MB) for full cuSOLVER comparison, using partial validation only

--- PHASE 6: Cleanup ---

Final result: SUCCESS
✅ Beam width 100 completed

==========================================
✅ All beam width solutions executed
==========================================

Next step: Parse results and generate plots
  python experiments/ablation/parse_beam_execution.py
